---
http_interactions:
- request:
    method: get
    uri: https://freecurrencyapi.net/api/v2/latest?apikey=<FREECURRENCY_API_KEY>&base_currency=TWD
    body:
      encoding: UTF-8
      string: ''
    headers:
      Connection:
      - close
      Host:
      - freecurrencyapi.net
      User-Agent:
      - http.rb/5.0.4
  response:
    status:
      code: 200
      message: OK
    headers:
      Date:
      - Sun, 28 Nov 2021 08:41:08 GMT
      Content-Type:
      - application/json; charset=UTF-8
      Transfer-Encoding:
      - chunked
      Connection:
      - close
      Charset:
      - utf-8
      Cache-Control:
      - no-cache, private
      X-Ratelimit-Remaining:
      - '4488'
      X-Ratelimit-Limit:
      - '4500'
      Access-Control-Allow-Origin:
      - "*"
      X-Frame-Options:
      - DENY
      X-Content-Type-Options:
      - nosniff
      X-Xss-Protection:
      - 1; mode=block
      Cf-Cache-Status:
      - DYNAMIC
      Expect-Ct:
      - max-age=604800, report-uri="https://report-uri.cloudflare.com/cdn-cgi/beacon/expect-ct"
      Report-To:
      - '{"endpoints":[{"url":"https:\/\/a.nel.cloudflare.com\/report\/v3?s=lVNOl%2BCDrbqjDDDBv%2FV7i09PFgp%2BRv4eOs8ZDZBQ6BjZ%2Fpa%2FxeAI7O%2FVJBFylO%2FMmugJnWS5uCvOXahw0vlY1kkvQdOY82vcl%2Biywi3pb9S3%2F8oGk19%2F4cPcxOjzx7k%2FF%2BCZvUXV"}],"group":"cf-nel","max_age":604800}'
      Nel:
      - '{"success_fraction":0,"report_to":"cf-nel","max_age":604800}'
      Server:
      - cloudflare
      Cf-Ray:
      - 6b524ba26ffe2083-NRT
      Alt-Svc:
      - h3=":443"; ma=86400, h3-29=":443"; ma=86400, h3-28=":443"; ma=86400, h3-27=":443";
        ma=86400
    body:
      encoding: UTF-8
      string: '{"query":{"apikey":"<FREECURRENCY_API_KEY>","base_currency":"TWD","timestamp":1638088868},"data":{"USD":0.035902,"JPY":4.064489,"CNY":0.229631,"CHF":0.03311,"CAD":0.045913,"MXN":0.785614,"INR":2.694108,"BRL":0.201291,"RUB":2.702536,"KRW":42.730784,"IDR":513.407503,"TRY":0.429201,"SAR":0.134676,"SEK":0.328273,"NGN":14.706963,"PLN":0.14882,"ARS":3.617163,"NOK":0.324786,"TWD":1,"IRR":1507.900487,"AED":0.131859,"COP":143.652012,"THB":1.212056,"ZAR":0.583373,"DKK":0.235761,"MYR":0.15212,"SGD":0.049187,"ILS":0.114309,"HKD":0.280005,"EGP":0.562952,"PHP":1.81201,"CLP":29.84838,"PKR":6.293732,"IQD":52.345914,"DZD":4.968903,"KZT":15.649175,"QAR":0.131332,"CZK":0.813701,"PEN":0.14497,"RON":0.156888,"VND":814.193344,"BDT":3.074693,"HUF":11.675469,"UAH":0.973675,"AOA":21.038883,"MAD":0.331667,"OMR":0.013819,"CUC":0.86166,"BYR":0.107706,"AZN":0.060783,"LKR":7.252254,"SDG":15.666207,"SYP":90.150832,"MMK":63.978651,"DOP":2.028473,"UZS":385.952522,"KES":4.037256,"GTQ":0.27731,"URY":1.58618,"HRV":0.238758,"MOP":0.288402,"ETB":1.716691,"CRC":22.474996,"TZS":82.503566,"TMT":0.1253,"TND":0.103409,"PAB":0.035902,"LBP":53.997328,"RSD":3.725614,"LYD":0.165288,"GHS":0.214695,"YER":8.965935,"BOB":0.244857,"BHD":0.013535,"CDF":71.251291,"PYG":244.784598,"UGX":127.847495,"SVC":0.313819,"TTD":0.241798,"AFN":3.447018,"NPR":4.300714,"HNL":0.864169,"BIH":0.062011,"BND":0.049215,"ISK":4.656921,"KHR":145.763138,"GEL":0.110288,"MZN":2.269025,"BWP":0.42439,"PGK":0.125946,"JMD":5.543313,"XAF":20.812196,"NAD":0.58173,"ALL":3.830817,"SSP":14.289115,"MUR":1.537353,"MNT":101.962711,"NIO":1.264123,"LAK":388.42577,"MKD":1.953816,"AMD":17.287104,"MGA":142.589403,"XPF":3.774412,"TJS":0.404623,"HTG":3.518432,"BSD":0.035902,"MDL":0.634915,"RWF":36.660049,"KGS":3.033727,"GNF":335.290282,"SRD":0.769389,"SLL":394.746242,"XOF":20.859193,"MWK":28.991472,"FJD":0.076246,"ERN":0.538536,"SZL":0.58505,"GYD":7.470926,"BIF":71.219628,"KYD":0.029619,"MVR":0.553618,"LSL":0.585047,"LRD":5.069462,"CVE":3.496864,"DJF":6.372719,"SCR":0.518795,"SOS":20.643815,"GMD":1.879491,"KMF":15.614079,"STD":0.776933,"XRP":0.037697,"AUD":0.050453,"BGN":0.062025,"BTC":0.000664,"JOD":0.025419,"GBP":0.026898,"ETH":9.0e-6,"EUR":0.031752,"LTC":0.000359,"NZD":0.05268}}'
  recorded_at: Sun, 28 Nov 2021 08:41:08 GMT
- request:
    method: get
    uri: https://freecurrencyapi.net/api/v2/latest?apikey=<FREECURRENCY_API_KEY>&base_currency=USD
    body:
      encoding: UTF-8
      string: ''
    headers:
      Connection:
      - close
      Host:
      - freecurrencyapi.net
      User-Agent:
      - http.rb/5.0.4
  response:
    status:
      code: 200
      message: OK
    headers:
      Date:
      - Sun, 28 Nov 2021 08:41:09 GMT
      Content-Type:
      - application/json; charset=UTF-8
      Transfer-Encoding:
      - chunked
      Connection:
      - close
      Charset:
      - utf-8
      Cache-Control:
      - no-cache, private
      X-Ratelimit-Remaining:
      - '4487'
      X-Ratelimit-Limit:
      - '4500'
      Access-Control-Allow-Origin:
      - "*"
      X-Frame-Options:
      - DENY
      X-Content-Type-Options:
      - nosniff
      X-Xss-Protection:
      - 1; mode=block
      Cf-Cache-Status:
      - DYNAMIC
      Expect-Ct:
      - max-age=604800, report-uri="https://report-uri.cloudflare.com/cdn-cgi/beacon/expect-ct"
      Report-To:
      - '{"endpoints":[{"url":"https:\/\/a.nel.cloudflare.com\/report\/v3?s=MjGt0V3ZcBog%2FfzzutOfA45zY495GTk6DDdBnAOk%2F6MgcYX5pl1EpvEfc1fWyUQW%2BvbHla3qIhffIorBmWJxNi3xvwPlet%2Bdcbph8tJQMIDChwZlk7%2BRAfeRknGEKF8NH67cPUfP"}],"group":"cf-nel","max_age":604800}'
      Nel:
      - '{"success_fraction":0,"report_to":"cf-nel","max_age":604800}'
      Server:
      - cloudflare
      Cf-Ray:
      - 6b524ba63c711d73-NRT
      Alt-Svc:
      - h3=":443"; ma=86400, h3-29=":443"; ma=86400, h3-28=":443"; ma=86400, h3-27=":443";
        ma=86400
    body:
      encoding: UTF-8
      string: '{"query":{"apikey":"<FREECURRENCY_API_KEY>","base_currency":"USD","timestamp":1638088869},"data":{"JPY":113.21158,"CNY":6.3961,"CHF":0.92224,"CAD":1.27884,"MXN":21.88235,"INR":75.04122,"BRL":5.60672,"RUB":75.27599,"KRW":1190.21598,"IDR":14300.36532,"TRY":11.95488,"SAR":3.75125,"SEK":9.14367,"NGN":409.64526,"PLN":4.14522,"ARS":100.75184,"NOK":9.04653,"TWD":27.85383,"IRR":42000.80382,"AED":3.67277,"COP":4001.25873,"THB":33.76039,"ZAR":16.24917,"DKK":6.56684,"MYR":4.23712,"SGD":1.37006,"ILS":3.18394,"HKD":7.7992,"EGP":15.68036,"PHP":50.47143,"CLP":831.39171,"PKR":175.30453,"IQD":1458.03419,"DZD":138.40298,"KZT":435.88947,"QAR":3.65811,"CZK":22.66469,"PEN":4.03797,"RON":4.36992,"VND":22678.403,"BDT":85.64198,"HUF":325.20652,"UAH":27.12057,"AOA":586.01346,"MAD":9.23819,"OMR":0.38491,"CUC":24.00053,"BYR":3.00003,"AZN":1.69304,"LKR":202.00306,"SDG":436.36388,"SYP":2511.04594,"MMK":1782.05046,"DOP":56.50074,"UZS":10750.25594,"KES":112.45303,"GTQ":7.72415,"URY":44.18119,"HRV":6.65032,"MOP":8.03309,"ETB":47.81642,"CRC":626.01473,"TZS":2298.04029,"TMT":3.49009,"TND":2.88034,"PAB":1.00001,"LBP":1504.0324,"RSD":103.77262,"LYD":4.60391,"GHS":5.98009,"YER":249.73562,"BOB":6.8202,"BHD":0.37701,"CDF":1984.62134,"PYG":6818.18858,"UGX":3561.04239,"SVC":8.74105,"TTD":6.735,"AFN":96.01265,"NPR":119.79136,"HNL":24.07042,"BIH":1.72724,"BND":1.37083,"ISK":129.71309,"KHR":4060.06167,"GEL":3.07195,"MZN":63.20103,"BWP":11.82088,"PGK":3.50807,"JMD":154.4025,"XAF":579.69937,"NAD":16.20341,"ALL":106.70292,"SSP":398.00658,"MUR":42.82116,"MNT":2840.05203,"NIO":35.21068,"LAK":10819.14537,"MKD":54.42126,"AMD":481.51205,"MGA":3971.66099,"XPF":105.13183,"TJS":11.2703,"HTG":98.0018,"BSD":1.00002,"MDL":17.68481,"RWF":1021.12276,"KGS":84.50092,"GNF":9339.11851,"SRD":21.43043,"SLL":10995.19471,"XOF":581.00842,"MWK":807.52352,"FJD":2.12375,"ERN":15.0003,"SZL":16.29588,"GYD":208.09389,"BIF":1983.73942,"KYD":0.82501,"MVR":15.42037,"LSL":16.29579,"LRD":141.20393,"CVE":97.40106,"DJF":177.50464,"SCR":14.45042,"SOS":575.00931,"GMD":52.35103,"KMF":434.91191,"STD":21.64055,"XRP":1.05001,"AUD":1.40532,"BGN":1.72764,"BTC":0.0185,"JOD":0.70802,"GBP":0.74921,"ETH":0.00024,"EUR":0.88442,"LTC":0.01,"NZD":1.46734}}'
  recorded_at: Sun, 28 Nov 2021 08:41:09 GMT
- request:
    method: get
    uri: https://freecurrencyapi.net/api/v2/latest?apikey=INVALID%20API%20KEY&base_currency=TWD
    body:
      encoding: UTF-8
      string: ''
    headers:
      Connection:
      - close
      Host:
      - freecurrencyapi.net
      User-Agent:
      - http.rb/5.0.4
  response:
    status:
      code: 200
      message: OK
    headers:
      Date:
      - Sun, 28 Nov 2021 08:41:11 GMT
      Content-Type:
      - application/json; charset=UTF-8
      Transfer-Encoding:
      - chunked
      Connection:
      - close
      Charset:
      - utf-8
      Cache-Control:
      - no-cache, private
      X-Ratelimit-Remaining:
      - "-1"
      Access-Control-Allow-Origin:
      - "*"
      X-Frame-Options:
      - DENY
      X-Content-Type-Options:
      - nosniff
      X-Xss-Protection:
      - 1; mode=block
      Cf-Cache-Status:
      - DYNAMIC
      Expect-Ct:
      - max-age=604800, report-uri="https://report-uri.cloudflare.com/cdn-cgi/beacon/expect-ct"
      Report-To:
      - '{"endpoints":[{"url":"https:\/\/a.nel.cloudflare.com\/report\/v3?s=FhEGaNDesdtma4dXEhxje3t%2BBBRn6h95pfwwcuRiKxTXmlkRKWujTKobyk7VrNAlpghUw0g7zw4Z2sV6h5qROhbgvBow8cd352tIWKsjrTJCpECrnKUwI3Ooyeyle9lMPk6AUjNV"}],"group":"cf-nel","max_age":604800}'
      Nel:
      - '{"success_fraction":0,"report_to":"cf-nel","max_age":604800}'
      Server:
      - cloudflare
      Cf-Ray:
      - 6b524bb2def50ac8-NRT
      Alt-Svc:
      - h3=":443"; ma=86400, h3-29=":443"; ma=86400, h3-28=":443"; ma=86400, h3-27=":443";
        ma=86400
    body:
      encoding: UTF-8
      string: '{"query":{"apikey":"INVALID API KEY","base_currency":"TWD","timestamp":1638088871},"data":{"USD":0.035902,"JPY":4.064489,"CNY":0.229631,"CHF":0.03311,"CAD":0.045913,"MXN":0.785614,"INR":2.694108,"BRL":0.201291,"RUB":2.702536,"KRW":42.730784,"IDR":513.407503,"TRY":0.429201,"SAR":0.134676,"SEK":0.328273,"NGN":14.706963,"PLN":0.14882,"ARS":3.617163,"NOK":0.324786,"TWD":1,"IRR":1507.900487,"AED":0.131859,"COP":143.652012,"THB":1.212056,"ZAR":0.583373,"DKK":0.235761,"MYR":0.15212,"SGD":0.049187,"ILS":0.114309,"HKD":0.280005,"EGP":0.562952,"PHP":1.81201,"CLP":29.84838,"PKR":6.293732,"IQD":52.345914,"DZD":4.968903,"KZT":15.649175,"QAR":0.131332,"CZK":0.813701,"PEN":0.14497,"RON":0.156888,"VND":814.193344,"BDT":3.074693,"HUF":11.675469,"UAH":0.973675,"AOA":21.038883,"MAD":0.331667,"OMR":0.013819,"CUC":0.86166,"BYR":0.107706,"AZN":0.060783,"LKR":7.252254,"SDG":15.666207,"SYP":90.150832,"MMK":63.978651,"DOP":2.028473,"UZS":385.952522,"KES":4.037256,"GTQ":0.27731,"URY":1.58618,"HRV":0.238758,"MOP":0.288402,"ETB":1.716691,"CRC":22.474996,"TZS":82.503566,"TMT":0.1253,"TND":0.103409,"PAB":0.035902,"LBP":53.997328,"RSD":3.725614,"LYD":0.165288,"GHS":0.214695,"YER":8.965935,"BOB":0.244857,"BHD":0.013535,"CDF":71.251291,"PYG":244.784598,"UGX":127.847495,"SVC":0.313819,"TTD":0.241798,"AFN":3.447018,"NPR":4.300714,"HNL":0.864169,"BIH":0.062011,"BND":0.049215,"ISK":4.656921,"KHR":145.763138,"GEL":0.110288,"MZN":2.269025,"BWP":0.42439,"PGK":0.125946,"JMD":5.543313,"XAF":20.812196,"NAD":0.58173,"ALL":3.830817,"SSP":14.289115,"MUR":1.537353,"MNT":101.962711,"NIO":1.264123,"LAK":388.42577,"MKD":1.953816,"AMD":17.287104,"MGA":142.589403,"XPF":3.774412,"TJS":0.404623,"HTG":3.518432,"BSD":0.035902,"MDL":0.634915,"RWF":36.660049,"KGS":3.033727,"GNF":335.290282,"SRD":0.769389,"SLL":394.746242,"XOF":20.859193,"MWK":28.991472,"FJD":0.076246,"ERN":0.538536,"SZL":0.58505,"GYD":7.470926,"BIF":71.219628,"KYD":0.029619,"MVR":0.553618,"LSL":0.585047,"LRD":5.069462,"CVE":3.496864,"DJF":6.372719,"SCR":0.518795,"SOS":20.643815,"GMD":1.879491,"KMF":15.614079,"STD":0.776933,"XRP":0.037697,"AUD":0.050453,"BGN":0.062025,"BTC":0.000664,"JOD":0.025419,"GBP":0.026898,"ETH":9.0e-6,"EUR":0.031752,"LTC":0.000359,"NZD":0.05268}}'
  recorded_at: Sun, 28 Nov 2021 08:41:12 GMT
- request:
    method: get
    uri: https://freecurrencyapi.net/api/v2/latest?apikey=<FREECURRENCY_API_KEY>&base_currency=INVALID%20CURRENCY
    body:
      encoding: UTF-8
      string: ''
    headers:
      Connection:
      - close
      Host:
      - freecurrencyapi.net
      User-Agent:
      - http.rb/5.0.4
  response:
    status:
      code: 302
      message: Found
    headers:
      Date:
      - Sun, 28 Nov 2021 08:41:12 GMT
      Content-Type:
      - text/html; charset=UTF-8
      Transfer-Encoding:
      - chunked
      Connection:
      - close
      Cache-Control:
      - no-cache, private
      Location:
      - https://freecurrencyapi.net
      X-Ratelimit-Limit:
      - '4500'
      X-Ratelimit-Remaining:
      - '4485'
      Access-Control-Allow-Origin:
      - "*"
      X-Frame-Options:
      - DENY
      X-Content-Type-Options:
      - nosniff
      X-Xss-Protection:
      - 1; mode=block
      Cf-Cache-Status:
      - DYNAMIC
      Expect-Ct:
      - max-age=604800, report-uri="https://report-uri.cloudflare.com/cdn-cgi/beacon/expect-ct"
      Report-To:
      - '{"endpoints":[{"url":"https:\/\/a.nel.cloudflare.com\/report\/v3?s=%2FOnTJg1JeeOYkQFxPTILNsuMSmso262MGZ%2Bxij1sJw7kpyefJqvJc8wuhXQVDvFQI9Wb07LJFYh2%2Bd1evBt%2FbONYQRl8LNjSQchL8KDl8uoKLRTKv%2BhCks5ydInk3AM1Tu22Onpd"}],"group":"cf-nel","max_age":604800}'
      Nel:
      - '{"success_fraction":0,"report_to":"cf-nel","max_age":604800}'
      Server:
      - cloudflare
      Cf-Ray:
      - 6b524bbb8e030ab0-NRT
      Alt-Svc:
      - h3=":443"; ma=86400, h3-29=":443"; ma=86400, h3-28=":443"; ma=86400, h3-27=":443";
        ma=86400
    body:
      encoding: UTF-8
      string: |-
        <!DOCTYPE html>
        <html>
            <head>
                <meta charset="UTF-8" />
                <meta http-equiv="refresh" content="0;url='https://freecurrencyapi.net'" />

                <title>Redirecting to https://freecurrencyapi.net</title>
            </head>
            <body>
                Redirecting to <a href="https://freecurrencyapi.net">https://freecurrencyapi.net</a>.
            </body>
        </html>
  recorded_at: Sun, 28 Nov 2021 08:41:12 GMT
recorded_with: VCR 6.0.0
